icache read_access
action supported  80
action energy     79.22562562562563 pJ
area supported    80
area              0.654962 mm^2

icache read_miss
action supported  80
action energy     621.3683683683684 pJ
area supported    80
area              0.654962 mm^2

dcache read_access
action supported  80
action energy     486.67837837837834 pJ
area supported    80
area              3.845072 mm^2

dcache read_miss
action supported  80
action energy     528.4874874874874 pJ
area supported    80
area              3.845072 mm^2

dcache write_access
action supported  80
action energy     340.03803803803805 pJ
area supported    80
area              3.845072 mm^2

dcache write_miss
action supported  80
action energy     1.2492092092092093 pJ
area supported    80
area              3.845072 mm^2

l2cache read_access
action supported  80
action energy     336.8738738738739 pJ
area supported    80
area              10.99543 mm^2

l2cache read_miss
action supported  80
action energy     0.0 pJ
area supported    80
area              10.99543 mm^2

l2cache write_access
action supported  80
action energy     391.41141141141145 pJ
area supported    80
area              10.99543 mm^2

l2cache write_miss
action supported  80
action energy     1077.1531531531532 pJ
area supported    80
area              10.99543 mm^2

fpu instruction
action supported  80
action energy     23.7299 pJ
area supported    80
area              1.22925 mm^2

int_alu instruction
action supported  80
action energy     7.909980000000001 pJ
area supported    80
area              0.117718 mm^2

mul_alu instruction
action supported  80
action energy     15.82 pJ
area supported    80
area              0.117718 mm^2

xbar access
action supported  80
action energy     183.261 pJ
area supported    80
area              0.0628561 mm^2

tournament_bp access
action supported  80
action energy     18.3553 pJ
area supported    80
area              0.206415 mm^2

tournament_bp miss
action supported  80
action energy     12.968 pJ
area supported    80
area              0.206415 mm^2

cpu_regfile int read
action supported  80
action energy     5.52631 pJ
area supported    80
area              0.154626 mm^2

cpu_regfile int write
action supported  80
action energy     7.29219 pJ
area supported    80
area              0.154626 mm^2

cpu_regfile fp read
action supported  80
action energy     3.72949 pJ
area supported    80
area              0.0614111 mm^2

cpu_regfile fp write
action supported  80
action energy     4.81075 pJ
area supported    80
area              0.0614111 mm^2

tlb access
action supported  80
action energy     4.68028 pJ
area supported    80
area              0.0137678 mm^2

tlb miss
action supported  80
action energy     2.29994 pJ
area supported    80
area              0.0137678 mm^2

